// Jest Snapshot v1, https://goo.gl/fbAQLP

exports[`matches snapshot 1`] = `
<div
  className="main"
>
  <div
    className="searchField"
  >
    <input
      onChange={[Function]}
      placeholder="Enter your favourite Hogwarts character"
      type="text"
      value=""
    />
  </div>
  <div
    className="cards"
  >
    <ul />
  </div>
</div>
`;
